[Architectury Transformer DEBUG] 
[Architectury Transformer DEBUG] ============================
[Architectury Transformer DEBUG] Transforming from C:\Users\Carter\Code\Minecraft-Script\mod\common\build\devlibs\mcs-packs-1.21.2-common-0.1.0-dev.jar to C:\Users\Carter\Code\Minecraft-Script\mod\common\build\libs\mcs-packs-1.21.2-common-0.1.0-transformProductionFabric.jar
[Architectury Transformer DEBUG] ============================
[Architectury Transformer DEBUG] 
[Architectury Transformer DEBUG] Transforming 5 transformer(s) from C:\Users\Carter\Code\Minecraft-Script\mod\common\build\devlibs\mcs-packs-1.21.2-common-0.1.0-dev.jar to C:\Users\Carter\Code\Minecraft-Script\mod\common\build\libs\mcs-packs-1.21.2-common-0.1.0-transformProductionFabric.jar: 
[Architectury Transformer DEBUG]  - dev.architectury.transformer.transformers.RemapMixinVariables@2b184553
[Architectury Transformer DEBUG]  - dev.architectury.transformer.transformers.TransformExpectPlatform@26a5c8fc
[Architectury Transformer DEBUG]  - dev.architectury.transformer.transformers.RemapInjectables@3e780c0a
[Architectury Transformer DEBUG]  - AddRefmapName(enabled=() -> kotlin.Boolean)
[Architectury Transformer DEBUG]  - dev.architectury.transformer.transformers.TransformPlatformOnly@3a17f3
[Architectury Transformer DEBUG] Transforming from C:\Users\Carter\Code\Minecraft-Script\mod\common\build\devlibs\mcs-packs-1.21.2-common-0.1.0-dev.jar to C:\Users\Carter\Code\Minecraft-Script\mod\common\build\libs\mcs-packs-1.21.2-common-0.1.0-transformProductionFabric.jar with 5 transformer(s) on dev.architectury.transformer.handler.SimpleTransformerHandler
[Architectury Transformer DEBUG] Found class transformer
[Architectury Transformer DEBUG] Writing dev/spyc0der77/mcspacks/watch/PackWatcher with maxs=true frames=true
[Architectury Transformer DEBUG] Writing dev/spyc0der77/mcspacks/version/VersionMapper with maxs=true frames=true
[Architectury Transformer DEBUG] Writing dev/spyc0der77/mcspacks/version/VersionMapper$Index with maxs=true frames=true
[Architectury Transformer DEBUG] Writing dev/spyc0der77/mcspacks/util/SafePaths with maxs=true frames=true
[Architectury Transformer DEBUG] Writing dev/spyc0der77/mcspacks/util/PlayerFeedback with maxs=true frames=true
[Architectury Transformer DEBUG] Writing dev/spyc0der77/mcspacks/util/McsPaths with maxs=true frames=true
[Architectury Transformer DEBUG] Writing dev/spyc0der77/mcspacks/toolchain/SubprocessRunner with maxs=true frames=true
[Architectury Transformer DEBUG] Writing dev/spyc0der77/mcspacks/toolchain/ProcessResult with maxs=true frames=true
[Architectury Transformer DEBUG] Writing dev/spyc0der77/mcspacks/toolchain/McsToolchain with maxs=true frames=true
[Architectury Transformer DEBUG] Writing dev/spyc0der77/mcspacks/toolchain/McsToolchain$1 with maxs=true frames=true
[Architectury Transformer DEBUG] Writing dev/spyc0der77/mcspacks/toolchain/Diagnostic with maxs=true frames=true
[Architectury Transformer DEBUG] Writing dev/spyc0der77/mcspacks/toolchain/CompilerResolver with maxs=true frames=true
[Architectury Transformer DEBUG] Writing dev/spyc0der77/mcspacks/toolchain/CompilerResolver$CompilerCommand with maxs=true frames=true
[Architectury Transformer DEBUG] Writing dev/spyc0der77/mcspacks/registry/PackRegistry with maxs=true frames=true
[Architectury Transformer DEBUG] Writing dev/spyc0der77/mcspacks/registry/PackRegistry$PackOverrides with maxs=true frames=true
[Architectury Transformer DEBUG] Writing dev/spyc0der77/mcspacks/registry/PackDefinition with maxs=true frames=true
[Architectury Transformer DEBUG] Writing dev/spyc0der77/mcspacks/pipeline/PackPipeline with maxs=true frames=true
[Architectury Transformer DEBUG] Writing dev/spyc0der77/mcspacks/McsPacks with maxs=true frames=true
[Architectury Transformer DEBUG] Writing dev/spyc0der77/mcspacks/deploy/DatapackDeployer with maxs=true frames=true
[Architectury Transformer DEBUG] Writing dev/spyc0der77/mcspacks/deploy/DatapackDeployer$2 with maxs=true frames=true
[Architectury Transformer DEBUG] Writing dev/spyc0der77/mcspacks/deploy/DatapackDeployer$1 with maxs=true frames=true
[Architectury Transformer DEBUG] Writing dev/spyc0der77/mcspacks/deploy/CommandSources with maxs=true frames=true
[Architectury Transformer DEBUG] Writing dev/spyc0der77/mcspacks/config/ModConfigManager with maxs=true frames=true
[Architectury Transformer DEBUG] Writing dev/spyc0der77/mcspacks/config/ModConfig with maxs=true frames=true
[Architectury Transformer DEBUG] Closed File Systems for C:\Users\Carter\Code\Minecraft-Script\mod\common\build\libs\mcs-packs-1.21.2-common-0.1.0-transformProductionFabric.jar
[Architectury Transformer] Transformed jar with 5 transformer(s) in 225.5 ms
